<html>
<body>
<pre>
<h1>µVision Build Log</h1>
<h2>Project:</h2>
C:\Users\scobb_000\Documents\445L\Lab1_EC\printf.uvproj
Project File Date:  01/27/2015

<h2>Output:</h2>
Rebuild target 'printf'
assembling startup.s...
compiling UART.c...
compiling main.c...
main.c(30): warning:  #177-D: variable "i" was declared but never referenced
  int main(void){ int32_t i,n;
main.c(30): warning:  #177-D: variable "n" was declared but never referenced
  int main(void){ int32_t i,n;
main.c: 2 warnings, 0 errors
compiling version_1.c...
version_1.c(15): warning:  #1-D: last line of file ends without a newline
   }
version_1.c: 1 warning, 0 errors
assembling version_3.s...
version_3.s(24): warning: A1581W: Added 2 bytes of padding at address 0x32
assembling version_4.s...
version_4.s(24): warning: A1581W: Added 2 bytes of padding at address 0x32
linking...
Program Size: Code=1024 RO-data=32 RW-data=4 ZI-data=1028  
".\printf.axf" - 0 Error(s), 5 Warning(s).
Load "C:\\Users\\scobb_000\\Documents\\445L\\Lab1_EC\\printf.axf" 
Connecting: Mode=JTAG, Speed=1000000Hz
Erase Done.
Programming Done.
Verify OK.
uld not load file 'C:\Users\scobb_000\Documents\445L\Lab1_EC\printf.axf'
).
Target not created

version_1.c(10): warning:  #1-D: last line of file ends without a newline
  } 
version_1.c: 1 warning, 0 errors
compiling version_2.c...
version_2.c(9): warning:  #1-D: last line of file ends without a newline
   }
version_2.c: 1 warning, 0 errors
".\printf.axf" - 8 Error(s), 4 Warning(s).
Target not created
Warning(s).
Target not created
