<html>
<body>
<pre>
<h1>µVision Build Log</h1>
<h2>Project:</h2>
C:\Users\scobb_000\Documents\445L\Lab1_EC\printf.uvproj
Project File Date:  01/29/2015

<h2>Output:</h2>
Build target 'printf'
compiling main.c...
main.c(64): warning:  #177-D: variable "x" was declared but never referenced
        int x = 5;
main.c: 1 warning, 0 errors
linking...
Program Size: Code=2052 RO-data=32 RW-data=8 ZI-data=1024  
".\printf.axf" - 0 Error(s), 1 Warning(s).
Load "C:\\Users\\scobb_000\\Documents\\445L\\Lab1_EC\\printf.axf" 
Connecting: Mode=JTAG, Speed=1000000Hz
Erase Done.
Programming Done.
Verify OK.
</pre>
</body>
</html>
 opcode 'VLDR.F32', maybe wrong target CPU?
Test3.s(15): error: A1854E: Unknown opcode 'VMOV.F32', maybe wrong target CPU?
Test3.s(16): error: A1854E: Unknown opcode 'VCVT.F32.U32', maybe wrong target CPU?
Test3.s(17): error: A1854E: Unknown opcode 'VMUL.F32', maybe wrong target CPU?
Test3.s(18): error: A1854E: Unknown opcode 'VADD.F32', maybe wrong target CPU?
Test3.s(19): error: A1854E: Unknown opcode 'VSTR.F32', maybe wrong target CPU?
assembling Test4.s...
Test4.s(24): warning: A1581W: Added 2 bytes of padding at address 0x32
compiling PLL.c...
".\printf.axf" - 7 Error(s), 3 Warning(s).
Target not created
